+--------------------------------------+------------------------------------------------------------------------------------------------------------+--------+--------+
| PId                                  | PName                                                                                                      | PStock | PPrice |
+--------------------------------------+------------------------------------------------------------------------------------------------------------+--------+--------+
| 04d5cc4e-b82c-4dfb-acd7-6bfa7ed58c67 | Cambro CamSquare 2 Quart Food Storage Container with Lid, 3-count                                          |     56 |  18.00 |
| 15dfd813-1da9-477e-a104-551a70ab640e | MadeGood Granola Minis, Variety Pack, 0.85 oz, 24-count                                                    |    402 |  10.00 |
| 36197f0f-c63c-4fc6-9f62-05c321858687 | Kirkland Signature, Organic Chicken Stock, 32 fl oz, 6-Count                                               |    706 |  11.00 |
| 3f349a7c-4812-4f14-8073-79fb3bad21fc | European Black Winter Fresh Truffles 3 oz.                                                                 |    420 | 189.00 |
| 630f5f15-d1d3-4a6f-bfae-517625cf2507 | Kirkland Signature Almonds, Milk Chocolate, 3 lb                                                           |     21 |  16.00 |
| 695a4d1c-2a1f-42e8-807b-0812921f2c26 | David’s Cookies Mile High Peanut Butter Cake, 6.8 lbs (14 Servings)                                        |    487 |  56.00 |
| 8f5896ca-f5a5-4724-bb55-f1251aaf6e86 | Kirkland Signature Super Extra-Large Peanuts, 2.5 lbs                                                      |    186 |   8.00 |
| 9f658d15-cabe-4e40-b3a9-9b96b96f01e6 | Tide Pods HE Laundry Detergent Pods, Free & Gentle, 152-count                                              |    483 |  28.00 |
| aed74592-25f4-462a-b03b-54f8ee411a0f | Tsar Nicoulai Baerii Caviar 2 oz. Gift Set                                                                 |    260 |  99.00 |
| d80c0fcc-22c5-434e-bf05-c1ef50086be5 | Kirkland Signature Coffee Organic Pacific Bold K-Cup Pod, 120-count                                        |    587 |  31.00 |
| ef3b5b79-20a1-4d8b-817b-ce0e075fe7d3 | 50-stem White Roses                                                                                        |    982 |  49.00 |
| f929dca3-6f56-48f0-914b-6f35c39bd7a3 | Pulp & Press Organic Cold-Pressed Wellness Shot Pack, 48-pack                                              |    935 |  99.00 |
| fb8880b1-1983-4ea2-9a54-64dd46204d0e | Ahi Tuna Individual Vacuum Packed Portion (26-27/6 Oz. Per Portion), 26-27 Total Packs, 10 Lbs. Total Case |    251 | 129.00 |
+--------------------------------------+------------------------------------------------------------------------------------------------------------+--------+--------+
+--------------------------------------+-------------------------------------------------------+--------+------------+--------+
| PId                                  | PName                                                 | PStock | PExpiry    | PPrice |
+--------------------------------------+-------------------------------------------------------+--------+------------+--------+
| 8f5896ca-f5a5-4724-bb55-f1251aaf6e86 | Kirkland Signature Super Extra-Large Peanuts, 2.5 lbs |    186 | 2024-07-18 |   8.00 |
+--------------------------------------+-------------------------------------------------------+--------+------------+--------+
+--------------------------------------+--------------------------------------------+--------+------------+--------+
| PId                                  | PName                                      | PStock | PExpiry    | PPrice |
+--------------------------------------+--------------------------------------------+--------+------------+--------+
| 3f349a7c-4812-4f14-8073-79fb3bad21fc | European Black Winter Fresh Truffles 3 oz. |    420 | 2025-03-12 | 189.00 |
+--------------------------------------+--------------------------------------------+--------+------------+--------+
+--------------------------------------+---------------------------------------------------------------+--------+------------+--------+
| PId                                  | PName                                                         | PStock | PExpiry    | PPrice |
+--------------------------------------+---------------------------------------------------------------+--------+------------+--------+
| f929dca3-6f56-48f0-914b-6f35c39bd7a3 | Pulp & Press Organic Cold-Pressed Wellness Shot Pack, 48-pack |    935 | 2024-08-07 |  99.00 |
+--------------------------------------+---------------------------------------------------------------+--------+------------+--------+
+--------------------------------------+--------------------------------------------------+--------+------------+--------+
| PId                                  | PName                                            | PStock | PExpiry    | PPrice |
+--------------------------------------+--------------------------------------------------+--------+------------+--------+
| 630f5f15-d1d3-4a6f-bfae-517625cf2507 | Kirkland Signature Almonds, Milk Chocolate, 3 lb |     21 | 2024-07-24 |  16.00 |
+--------------------------------------+--------------------------------------------------+--------+------------+--------+
+--------------------------------------+------------------------------------------------------------------------------------------------------------+--------+------------+--------+
| PId                                  | PName                                                                                                      | PStock | PExpiry    | PPrice |
+--------------------------------------+------------------------------------------------------------------------------------------------------------+--------+------------+--------+
| fb8880b1-1983-4ea2-9a54-64dd46204d0e | Ahi Tuna Individual Vacuum Packed Portion (26-27/6 Oz. Per Portion), 26-27 Total Packs, 10 Lbs. Total Case |    251 | 2024-07-19 | 129.00 |
+--------------------------------------+------------------------------------------------------------------------------------------------------------+--------+------------+--------+
+--------------------------------------+-----------------------------------------------------------------------+--------+------------+--------+
| PId                                  | PName                                                                 | PStock | PExpiry    | PPrice |
+--------------------------------------+-----------------------------------------------------------------------+--------+------------+--------+
| 695a4d1c-2a1f-42e8-807b-0812921f2c26 | David’s Cookies Mile High Peanut Butter Cake, 6.8 lbs (14 Servings)   |    487 | 2024-10-18 |  56.00 |
+--------------------------------------+-----------------------------------------------------------------------+--------+------------+--------+
+--------------------------------------+---------------------------------------------------------------------+--------+------------+--------+
| PId                                  | PName                                                               | PStock | PExpiry    | PPrice |
+--------------------------------------+---------------------------------------------------------------------+--------+------------+--------+
| d80c0fcc-22c5-434e-bf05-c1ef50086be5 | Kirkland Signature Coffee Organic Pacific Bold K-Cup Pod, 120-count |    587 | 2024-10-11 |  31.00 |
+--------------------------------------+---------------------------------------------------------------------+--------+------------+--------+
+--------------------------------------+--------------------------------------------+--------+------------+--------+
| PId                                  | PName                                      | PStock | PExpiry    | PPrice |
+--------------------------------------+--------------------------------------------+--------+------------+--------+
| aed74592-25f4-462a-b03b-54f8ee411a0f | Tsar Nicoulai Baerii Caviar 2 oz. Gift Set |    260 | 2024-07-29 |  99.00 |
+--------------------------------------+--------------------------------------------+--------+------------+--------+
+--------------------------------------+--------------------------------------------------------------+--------+------------+--------+
| PId                                  | PName                                                        | PStock | PExpiry    | PPrice |
+--------------------------------------+--------------------------------------------------------------+--------+------------+--------+
| 36197f0f-c63c-4fc6-9f62-05c321858687 | Kirkland Signature, Organic Chicken Stock, 32 fl oz, 6-Count |    706 | 2024-08-02 |  11.00 |
+--------------------------------------+--------------------------------------------------------------+--------+------------+--------+
+--------------------------------------+---------------------------------------------------------------+--------+--------+
| PId                                  | PName                                                         | PStock | PPrice |
+--------------------------------------+---------------------------------------------------------------+--------+--------+
| 9f658d15-cabe-4e40-b3a9-9b96b96f01e6 | Tide Pods HE Laundry Detergent Pods, Free & Gentle, 152-count |    483 |  28.00 |
+--------------------------------------+---------------------------------------------------------------+--------+--------+
+--------------------------------------+---------------------+--------+--------+
| PId                                  | PName               | PStock | PPrice |
+--------------------------------------+---------------------+--------+--------+
| ef3b5b79-20a1-4d8b-817b-ce0e075fe7d3 | 50-stem White Roses |    982 |  49.00 |
+--------------------------------------+---------------------+--------+--------+
+--------------------------------------+-------------------------------------------------------------------+--------+--------+
| PId                                  | PName                                                             | PStock | PPrice |
+--------------------------------------+-------------------------------------------------------------------+--------+--------+
| 04d5cc4e-b82c-4dfb-acd7-6bfa7ed58c67 | Cambro CamSquare 2 Quart Food Storage Container with Lid, 3-count |     56 |  18.00 |
+--------------------------------------+-------------------------------------------------------------------+--------+--------+
+----------+
| COUNT(*) |
+----------+
|       13 |
+----------+
+----------+
| COUNT(*) |
+----------+
|        1 |
+----------+
+----------+
| COUNT(*) |
+----------+
|        1 |
+----------+
+----------+
| COUNT(*) |
+----------+
|        1 |
+----------+
+----------+
| COUNT(*) |
+----------+
|        1 |
+----------+
+----------+
| COUNT(*) |
+----------+
|        1 |
+----------+
+----------+
| COUNT(*) |
+----------+
|        1 |
+----------+
+----------+
| COUNT(*) |
+----------+
|        1 |
+----------+
+----------+
| COUNT(*) |
+----------+
|        1 |
+----------+
+----------+
| COUNT(*) |
+----------+
|        1 |
+----------+
+----------+
| COUNT(*) |
+----------+
|        1 |
+----------+
+----------+
| COUNT(*) |
+----------+
|        1 |
+----------+
+----------+
| COUNT(*) |
+----------+
|        1 |
+----------+
+--------------------------------------+---------------------------------------------------------------------+--------+--------+
| PId                                  | PName                                                               | PStock | PPrice |
+--------------------------------------+---------------------------------------------------------------------+--------+--------+
| d80c0fcc-22c5-434e-bf05-c1ef50086be5 | Kirkland Signature Coffee Organic Pacific Bold K-Cup Pod, 120-count |    587 |  31.00 |
| 630f5f15-d1d3-4a6f-bfae-517625cf2507 | Kirkland Signature Almonds, Milk Chocolate, 3 lb                    |     21 |  16.00 |
| 36197f0f-c63c-4fc6-9f62-05c321858687 | Kirkland Signature, Organic Chicken Stock, 32 fl oz, 6-Count        |    706 |  11.00 |
| 8f5896ca-f5a5-4724-bb55-f1251aaf6e86 | Kirkland Signature Super Extra-Large Peanuts, 2.5 lbs               |    186 |   8.00 |
+--------------------------------------+---------------------------------------------------------------------+--------+--------+
+----------+
| COUNT(*) |
+----------+
|        4 |
+----------+
+--------------------------------------+----------------+--------+------------+--------+
| PId                                  | PName          | PStock | PExpiry    | PPrice |
+--------------------------------------+----------------+--------+------------+--------+
| 8f5896ca-f5a5-4724-bb55-f1251aaf6e86 | New Snack Name |      1 | 2024-07-15 |   1.00 |
+--------------------------------------+----------------+--------+------------+--------+
+--------------------------------------+-----------------+--------+------------+--------+
| PId                                  | PName           | PStock | PExpiry    | PPrice |
+--------------------------------------+-----------------+--------+------------+--------+
| 3f349a7c-4812-4f14-8073-79fb3bad21fc | New Pantry Name |      1 | 2024-07-15 |   1.00 |
+--------------------------------------+-----------------+--------+------------+--------+
+--------------------------------------+-------------------+--------+------------+--------+
| PId                                  | PName             | PStock | PExpiry    | PPrice |
+--------------------------------------+-------------------+--------+------------+--------+
| f929dca3-6f56-48f0-914b-6f35c39bd7a3 | New Beverage Name |      1 | 2024-07-15 |   1.00 |
+--------------------------------------+-------------------+--------+------------+--------+
+--------------------------------------+----------------+--------+------------+--------+
| PId                                  | PName          | PStock | PExpiry    | PPrice |
+--------------------------------------+----------------+--------+------------+--------+
| 630f5f15-d1d3-4a6f-bfae-517625cf2507 | New Candy Name |      1 | 2024-07-15 |   1.00 |
+--------------------------------------+----------------+--------+------------+--------+
+--------------------------------------+---------------------------+--------+------------+--------+
| PId                                  | PName                     | PStock | PExpiry    | PPrice |
+--------------------------------------+---------------------------+--------+------------+--------+
| fb8880b1-1983-4ea2-9a54-64dd46204d0e | New Meat and Seafood Name |      1 | 2024-07-15 |   1.00 |
+--------------------------------------+---------------------------+--------+------------+--------+
+--------------------------------------+-----------------------------+--------+------------+--------+
| PId                                  | PName                       | PStock | PExpiry    | PPrice |
+--------------------------------------+-----------------------------+--------+------------+--------+
| 695a4d1c-2a1f-42e8-807b-0812921f2c26 | New Bakery and Dessert Name |      1 | 2024-07-15 |   1.00 |
+--------------------------------------+-----------------------------+--------+------------+--------+
+--------------------------------------+-----------------+--------+------------+--------+
| PId                                  | PName           | PStock | PExpiry    | PPrice |
+--------------------------------------+-----------------+--------+------------+--------+
| d80c0fcc-22c5-434e-bf05-c1ef50086be5 | New Coffee Name |      1 | 2024-07-15 |   1.00 |
+--------------------------------------+-----------------+--------+------------+--------+
+--------------------------------------+---------------+--------+------------+--------+
| PId                                  | PName         | PStock | PExpiry    | PPrice |
+--------------------------------------+---------------+--------+------------+--------+
| aed74592-25f4-462a-b03b-54f8ee411a0f | New Deli Name |      1 | 2024-07-15 |   1.00 |
+--------------------------------------+---------------+--------+------------+--------+
+--------------------------------------+------------------+--------+------------+--------+
| PId                                  | PName            | PStock | PExpiry    | PPrice |
+--------------------------------------+------------------+--------+------------+--------+
| 36197f0f-c63c-4fc6-9f62-05c321858687 | New Organic Name |      1 | 2024-07-15 |   1.00 |
+--------------------------------------+------------------+--------+------------+--------+
+--------------------------------------+-------------------+--------+--------+
| PId                                  | PName             | PStock | PPrice |
+--------------------------------------+-------------------+--------+--------+
| 9f658d15-cabe-4e40-b3a9-9b96b96f01e6 | New Cleaning Name |      1 |   1.00 |
+--------------------------------------+-------------------+--------+--------+
+--------------------------------------+-----------------+--------+--------+
| PId                                  | PName           | PStock | PPrice |
+--------------------------------------+-----------------+--------+--------+
| ef3b5b79-20a1-4d8b-817b-ce0e075fe7d3 | New Floral Name |      1 |   1.00 |
+--------------------------------------+-----------------+--------+--------+
+--------------------------------------+--------------------+--------+--------+
| PId                                  | PName              | PStock | PPrice |
+--------------------------------------+--------------------+--------+--------+
| 04d5cc4e-b82c-4dfb-acd7-6bfa7ed58c67 | New Household Name |      1 |   1.00 |
+--------------------------------------+--------------------+--------+--------+
